面板 2630 交易日 × 4986 只  (2015-12-01 ~ 2026-09-23)

[A] 逐条件消融（统一退出：止损-3% / 止盈+6% / 最长20日 / 滑点10bp）
  随机全市场（基准）                          n=   149319 胜率 37.2% 均值 -0.140% t= -11.41 PF= 0.94
  超跌D2-D6（基准）                        n=  4820739 胜率 38.2% 均值 -0.048% t= -23.06 PF= 0.98
  超跌+缩量A                             n=  1202390 胜率 37.5% 均值 -0.105% t= -25.34 PF= 0.95
  超跌+企稳A(收≥前收)                       n=  2342349 胜率 39.3% 均值  0.078% t=  25.86 PF= 1.04
  超跌+不创新低(2日)                        n=  1268355 胜率 40.5% 均值  0.175% t=  42.60 PF= 1.09
  超跌+站上MA5                           n=  2063644 胜率 39.8% 均值  0.134% t=  41.56 PF= 1.06
  超跌+不创新低+收阳                         n=   760095 胜率 41.2% 均值  0.247% t=  45.90 PF= 1.12
  超跌+不创新低+收涨                         n=   842989 胜率 41.3% 均值  0.251% t=  49.31 PF= 1.12
  超跌+不创新低+站上MA5                      n=  1070356 胜率 40.9% 均值  0.220% t=  48.98 PF= 1.11
  超跌+缩量A+不创新低+收涨【规则B】                n=   146610 胜率 41.6% 均值  0.252% t=  21.06 PF= 1.13
  超跌+缩量A+不创新低+站上MA5【规则C】             n=   177096 胜率 41.5% 均值  0.257% t=  23.68 PF= 1.13
  超跌+缩量C(地量)+不创新低+收涨                 n=    49232 胜率 36.8% 均值 -0.189% t=  -9.36 PF= 0.91
  超跌+缩量D+不创新低+收涨                     n=   183221 胜率 38.7% 均值 -0.011% t=  -1.06 PF= 0.99
  超跌+缩量B+不创新低+收涨                     n=    16255 胜率 40.7% 均值  0.162% t=   4.56 PF= 1.08
  超跌+缩量E+不创新低+收涨                     n=    81357 胜率 37.1% 均值 -0.142% t=  -9.04 PF= 0.93
  不加超跌：缩量A+不创新低+收涨                   n=   298205 胜率 39.5% 均值  0.056% t=   6.38 PF= 1.03
  全市场+不创新低+收涨                        n=  1895301 胜率 38.8% 均值  0.006% t=   1.70 PF= 1.00

[B] 候选策略深度验证
  规则B(缩量A)              样本内16-20     n=   49423 均值  0.171% t=  8.37 胜率 40.7%
  规则B(缩量A)              样本外21-26     n=   96870 均值  0.292% t= 19.74 胜率 42.0%
  规则B(缩量A)              全样本          n=  146610 均值  0.252% t= 21.06 胜率 41.6%
  规则C(缩量A)              样本内16-20     n=   56065 均值  0.195% t= 10.14 胜率 40.7%
  规则C(缩量A)              样本外21-26     n=  120459 均值  0.284% t= 21.52 胜率 41.8%
  规则C(缩量A)              全样本          n=  177096 均值  0.257% t= 23.68 胜率 41.5%
  规则B(缩量不走缩量条件)         样本内16-20     n=  302148 均值  0.162% t= 19.46 胜率 40.3%
  规则B(缩量不走缩量条件)         样本外21-26     n=  537526 均值  0.294% t= 45.65 胜率 41.9%
  规则B(缩量不走缩量条件)         全样本          n=  842989 均值  0.251% t= 49.31 胜率 41.3%

[B2] 成本/滑点敏感性（零滑点 ~ 30bp）
