加载数据面板 ...
  dates=2630 (2015-12-01~2026-09-23)  codes=4986
  指数分层可用: True  状态分布: {'震荡': 1549, '牛市': 632, '熊市': 449}

[E0] 基准与消融（判断是否存在统计优势）
  运行完整策略 ...
  → e0_baseline_null.csv (6 行)
  完整策略净值: 总收益 195.4%  CAGR 10.6%  最大回撤 -39.6%  Sharpe 0.61

[E1] 缩量定义比较
  A     VOL_t<VOL_t-1<VOL_t-2  n= 515524  胜率 38.4%  均值-0.020%  t= -3.18
  B     近5日量连续下降               n=  77181  胜率 37.5%  均值-0.098%  t= -6.01
  C     VOL<VOL20*0.5(地量)      n= 217908  胜率 35.5%  均值-0.304%  t=-31.74
  D     VOL<VOL20*0.7          n= 715937  胜率 36.8%  均值-0.174%  t=-32.78
  E     近3日均量<VOL20*0.6        n= 289233  胜率 36.0%  均值-0.245%  t=-29.33
  NONE  不设缩量条件                 n=2342349  胜率 39.3%  均值 0.078%  t= 25.86
  → e1_volume.csv (6 行)

[E2] 企稳定义比较
  A     Close>=前收            n= 515524  胜率 38.4%  均值-0.020%  t= -3.18
  B     连续2日不创新低             n= 257969  胜率 40.5%  均值 0.155%  t= 17.36
  C     5日低点后2日未破            n= 670820  胜率 38.4%  均值-0.015%  t= -2.64
  D     Low>=前低 且 收盘>开盘      n= 284460  胜率 39.4%  均值 0.080%  t=  9.29
  E     收盘站上MA5              n= 376294  胜率 39.8%  均值 0.123%  t= 16.62
  NONE  不设企稳条件               n=1202390  胜率 37.5%  均值-0.105%  t=-25.34
  → e2_stable.csv (6 行)

[E3] 前置超跌（横截面 ret20 分位）区间比较
  D1-D3   n= 302076  胜率 37.4%  均值-0.092%  t=-10.15
  D2-D6   n= 515524  胜率 38.4%  均值-0.020%  t= -3.18
  D3-D7   n= 519636  胜率 38.4%  均值-0.016%  t= -2.59
  D4-D8   n= 520553  胜率 38.1%  均值-0.044%  t= -6.92
  D1-D10  n=1029076  胜率 37.2%  均值-0.138%  t=-29.15
  D5-D8   n= 417049  胜率 37.9%  均值-0.058%  t= -8.12
  → e3_oversold.csv (6 行)

[E4] 买入规则比较
  A 超跌+缩量+企稳                     n= 515524  胜率 38.4%  均值-0.020%  t= -3.18
  B 超跌+缩量+不创新低+收盘上涨              n= 188162  胜率 41.0%  均值 0.229%  t= 21.47
  C 超跌+缩量+不创新低+站上MA5             n= 221717  胜率 40.9%  均值 0.224%  t= 23.00
  → e4_buyrule.csv (3 行)

[E5] 止损方式比较
  -2%      n= 515524  胜率 30.8%  均值-0.093%  盈亏比 0.95  t=-16.60
  -3%      n= 515524  胜率 38.4%  均值-0.020%  盈亏比 0.99  t= -3.18
  -4%      n= 515524  胜率 44.4%  均值 0.040%  盈亏比 1.02  t=  5.78
  -5%      n= 515524  胜率 48.9%  均值 0.084%  盈亏比 1.03  t= 11.04
  ATR×1    n= 515524  胜率 38.8%  均值 0.041%  盈亏比 1.02  t=  6.18
  ATR×1.5  n= 515524  胜率 47.7%  均值 0.154%  盈亏比 1.06  t= 20.22
  ATR×2    n= 515524  胜率 53.2%  均值 0.188%  盈亏比 1.07  t= 22.31
  → e5_stoploss.csv (7 行)

[E6] 止盈比较
  +3%      n= 515524  胜率 50.3%  均值-0.230%  平均持有 3.6日  t=-47.20
  +4%      n= 515524  胜率 45.2%  均值-0.158%  平均持有 4.4日  t=-29.31
  +5%      n= 515524  胜率 41.3%  均值-0.088%  平均持有 5.1日  t=-15.03
  +6%      n= 515524  胜率 38.4%  均值-0.020%  平均持有 5.7日  t= -3.18
  +8%      n= 515524  胜率 34.4%  均值 0.094%  平均持有 6.7日  t= 13.06
  +10%     n= 515524  胜率 32.1%  均值 0.186%  平均持有 7.4日  t= 23.59
  +15%     n= 515524  胜率 29.4%  均值 0.328%  平均持有 8.5日  t= 35.40
  不设止盈     n= 515524  胜率 28.0%  均值 0.345%  平均持有 9.8日  t= 28.48
  → e6_takeprofit.csv (8 行)

[E7] 重点退出方式比较
  策略1 -3%/+6%              n= 515524  胜率 38.4%  均值-0.020%  持有 5.7日  t= -3.18
  策略2 -3%/+6%卖100%         n= 515524  胜率 38.4%  均值-0.020%  持有 5.7日  t= -3.18
  策略3 -3%/+6%卖50%+MA5      n= 515524  胜率 38.6%  均值 0.042%  持有 7.0日  t=  5.81
  策略4 -3%/MA10             n= 515524  胜率 32.0%  均值-0.102%  持有 3.5日  t=-12.74
  策略5 -3%/MA10             n= 515524  胜率 32.0%  均值-0.102%  持有 3.5日  t=-12.74
  策略6 -3%/MACD死叉           n= 515524  胜率 28.9%  均值 0.283%  持有 8.3日  t= 24.87
  对照 -3%/MA5               n= 515524  胜率 30.7%  均值-0.119%  持有 2.8日  t=-16.65
  对照 -3%/仅最长持有             n= 515524  胜率 28.0%  均值 0.345%  持有 9.8日  t= 28.48
  → e7_exit.csv (8 行)

[E8] 收益分布：固定+6%止盈 vs 让利润奔跑
  → e8_distribution.csv (20 行)
  固定+6%止盈: n=515524  >=10%单数 3536(0.69%) 合计贡献 -452.4% |  >=20%单数 226 贡献 -54.0%
  不设止盈(MA10): n=515524  >=10%单数 18389(3.57%) 合计贡献 -731.0% |  >=20%单数 6074 贡献 -406.6%
  不设止盈时 >=10% 的交易数 18389，而固定6%止盈下为 3536

[E9] 市场环境分层
  全部         n= 515524  胜率 38.4%  均值-0.020%  t= -3.18
  指数>MA60    n= 270653  胜率 37.8%  均值-0.064%  t= -7.26
  指数<MA60    n= 244871  胜率 39.0%  均值 0.028%  t=  3.02
  牛市         n= 123689  胜率 34.3%  均值-0.384%  t=-30.56
  熊市         n=  73468  胜率 40.5%  均值 0.173%  t= 10.03
  震荡市        n= 318367  胜率 39.5%  均值 0.076%  t=  9.44
  → e9_regime.csv (6 行)
  → e9_regime_by_signal_day.csv (3 行)
  按信号日市场状态分组：
desc      n   avg_ret    median  win_rate
  熊市  73468  0.001730 -0.032925  0.404979
  牛市 123689 -0.003835 -0.032925  0.343022
  震荡 318367  0.000764 -0.032925  0.394563

[E10] 样本内 / 样本外
  样本内 2016-2020      n= 175435  胜率 37.3%  均值-0.158%  t=-14.57  | 净值    25.7%  回撤  -39.6%  Sharpe  0.34
  样本外 2021-2026      n= 338868  胜率 38.9%  均值 0.051%  t=  6.46  | 净值   103.0%  回撤  -28.5%  Sharpe  0.73
  全样本 2016-2026      n= 515524  胜率 38.4%  均值-0.020%  t= -3.18  | 净值   195.4%  回撤  -39.6%  Sharpe  0.61
  → e10_is_oos.csv (3 行)

[E10b] 样本内外参数稳健性（1200 只随机子样本 · 网格扫描）
  vol=A stab=A | IS n=41458 avg=-0.120% t=-5.36 | OOS n=80599 avg= 0.066% t= 4.12
  vol=A stab=B | IS n=20938 avg= 0.147% t= 4.66 | OOS n=40287 avg= 0.178% t= 7.85
  vol=A stab=C | IS n=54419 avg=-0.058% t=-2.97 | OOS n=104984 avg= 0.026% t= 1.81
  vol=A stab=D | IS n=23118 avg= 0.014% t= 0.48 | OOS n=44032 avg= 0.142% t= 6.47
  vol=A stab=E | IS n=28599 avg= 0.062% t= 2.31 | OOS n=60307 avg= 0.168% t= 9.05
  vol=B stab=A | IS n= 5991 avg=-0.312% t=-5.30 | OOS n=12313 avg= 0.069% t= 1.68
  vol=B stab=B | IS n= 2216 avg=-0.096% t=-1.00 | OOS n= 4741 avg= 0.177% t= 2.66
  vol=B stab=C | IS n= 6053 avg=-0.131% t=-2.26 | OOS n=13356 avg= 0.151% t= 3.79
  vol=B stab=D | IS n= 3157 avg=-0.229% t=-2.84 | OOS n= 6360 avg= 0.047% t= 0.81
  vol=B stab=E | IS n= 2448 avg= 0.259% t= 2.82 | OOS n= 6222 avg= 0.281% t= 4.86
  vol=C stab=A | IS n=22086 avg=-0.339% t=-11.30 | OOS n=29641 avg=-0.274% t=-10.54
  vol=C stab=B | IS n= 9278 avg=-0.271% t=-5.91 | OOS n=12253 avg=-0.256% t=-6.37
  vol=C stab=C | IS n=20851 avg=-0.312% t=-10.17 | OOS n=28070 avg=-0.235% t=-8.74
  vol=C stab=D | IS n=12504 avg=-0.315% t=-7.92 | OOS n=16194 avg=-0.249% t=-7.10
  vol=C stab=E | IS n=11511 avg=-0.249% t=-6.05 | OOS n=16248 avg=-0.146% t=-4.15
  vol=D stab=A | IS n=63961 avg=-0.290% t=-16.38 | OOS n=105813 avg=-0.083% t=-5.98
  vol=D stab=B | IS n=29126 avg=-0.204% t=-7.85 | OOS n=48594 avg=-0.023% t=-1.14
  vol=D stab=C | IS n=65889 avg=-0.282% t=-16.33 | OOS n=110178 avg=-0.071% t=-5.22
  vol=D stab=D | IS n=36489 avg=-0.218% t=-9.34 | OOS n=59101 avg=-0.027% t=-1.44
  vol=D stab=E | IS n=40434 avg=-0.275% t=-12.53 | OOS n=71986 avg= 0.027% t= 1.59
  vol=E stab=A | IS n=27847 avg=-0.304% t=-11.38 | OOS n=40622 avg=-0.229% t=-10.24
  vol=E stab=B | IS n=12237 avg=-0.221% t=-5.53 | OOS n=17036 avg=-0.210% t=-6.16
  vol=E stab=C | IS n=26633 avg=-0.301% t=-11.09 | OOS n=37094 avg=-0.220% t=-9.41
  vol=E stab=D | IS n=16271 avg=-0.308% t=-8.87 | OOS n=23573 avg=-0.186% t=-6.37
  vol=E stab=E | IS n=19262 avg=-0.274% t=-8.62 | OOS n=27774 avg=-0.112% t=-4.14
  → e10b_grid.csv (25 行)
  → 网格 25 组合中，样本外 t>2 的有 7 个；样本外平均收益中位数 -0.027%

[E11] 成本敏感性
  零滑点       n= 515524  均值 0.180%  t= 28.34
  5bp滑点     n= 515524  均值 0.080%  t= 12.59
  10bp滑点    n= 515524  均值-0.020%  t= -3.18
  20bp滑点    n= 515524  均值-0.220%  t=-34.77
  30bp滑点    n= 515524  均值-0.419%  t=-66.42
  → e11_cost.csv (5 行)

[E12] 最长持有期敏感性
  最长持有  5日  n= 515449  均值-0.131%  t=-24.08
  最长持有 10日  n= 515495  均值-0.076%  t=-12.65
  最长持有 15日  n= 515519  均值-0.042%  t= -6.75
  最长持有 20日  n= 515524  均值-0.020%  t= -3.18
  最长持有 30日  n= 515533  均值-0.017%  t= -2.69
  最长持有 40日  n= 515538  均值-0.014%  t= -2.19
  最长持有 60日  n= 515544  均值-0.011%  t= -1.73
  → e12_maxhold.csv (7 行)