面板 2630 × 4986

[B2] 成本/滑点敏感性
  规则B(超跌+缩量A+不创新低+收涨)                 0bp:+0.453%   5bp:+0.352%  10bp:+0.252%  20bp:+0.052%  30bp:-0.148%
  规则C(超跌+缩量A+不创新低+站上MA5)              0bp:+0.458%   5bp:+0.357%  10bp:+0.257%  20bp:+0.057%  30bp:-0.143%
  精简版(超跌+不创新低+收涨，无缩量)                 0bp:+0.452%   5bp:+0.351%  10bp:+0.251%  20bp:+0.051%  30bp:-0.149%
  随机全市场(基准)                           0bp:+0.060%   5bp:-0.040%  10bp:-0.140%  20bp:-0.340%  30bp:-0.539%

[B3] 市场分层
  规则B(超跌+缩量A+不创新低+收涨全部          n=  146610 均值  0.252% t= 21.06 胜率 41.6%
  规则B(超跌+缩量A+不创新低+收涨指数>MA60     n=   76336 均值  0.173% t= 10.41 胜率 40.5%
  规则B(超跌+缩量A+不创新低+收涨指数<MA60     n=   70274 均值  0.338% t= 19.62 胜率 42.7%
  规则B(超跌+缩量A+不创新低+收涨牛市          n=   32304 均值 -0.254% t=-10.28 胜率 35.6%
  规则B(超跌+缩量A+不创新低+收涨熊市          n=   21554 均值  0.651% t= 20.25 胜率 46.0%
  规则B(超跌+缩量A+不创新低+收涨震荡市         n=   92752 均值  0.335% t= 22.27 胜率 42.6%
  规则C(超跌+缩量A+不创新低+站上全部          n=  177096 均值  0.257% t= 23.68 胜率 41.5%
  规则C(超跌+缩量A+不创新低+站上指数>MA60     n=   93781 均值  0.223% t= 14.92 胜率 40.9%
  规则C(超跌+缩量A+不创新低+站上指数<MA60     n=   83315 均值  0.295% t= 18.72 胜率 42.1%
  规则C(超跌+缩量A+不创新低+站上牛市          n=   38035 均值 -0.195% t= -8.60 胜率 36.0%
  规则C(超跌+缩量A+不创新低+站上熊市          n=   26000 均值  0.502% t= 17.26 胜率 44.2%
  规则C(超跌+缩量A+不创新低+站上震荡市         n=  113061 均值  0.353% t= 25.93 胜率 42.6%
  精简版(超跌+不创新低+收涨，无缩量全部          n=  842989 均值  0.251% t= 49.31 胜率 41.3%
  精简版(超跌+不创新低+收涨，无缩量指数>MA60     n=  486677 均值  0.240% t= 35.30 胜率 41.1%
  精简版(超跌+不创新低+收涨，无缩量指数<MA60     n=  356312 均值  0.266% t= 34.68 胜率 41.7%
  精简版(超跌+不创新低+收涨，无缩量牛市          n=  205295 均值 -0.340% t=-33.78 胜率 35.2%
  精简版(超跌+不创新低+收涨，无缩量熊市          n=  108306 均值  0.300% t= 21.07 胜率 41.9%
  精简版(超跌+不创新低+收涨，无缩量震荡市         n=  529388 均值  0.470% t= 72.86 胜率 43.6%

[B4] 退出方式（规则B）
  止损-2% + 止盈+6%                      均值  0.115% t= 10.85 持有  4.7日 胜率 33.4%
  止损-3% + 止盈+6%                      均值  0.252% t= 21.06 持有  6.2日 胜率 41.6%
  止损-5% + 止盈+6%                      均值  0.422% t= 29.89 持有  8.5日 胜率 52.1%
  止损ATR×1.5 + 止盈+6%                  均值  0.473% t= 33.87 持有  7.5日 胜率 50.0%
  止损ATR×2 + 止盈+6%                    均值  0.552% t= 36.08 持有  9.0日 胜率 55.5%
  止损-3% + 止盈+10%                     均值  0.547% t= 36.32 持有  8.0日 胜率 35.7%
  止损-3% + 止损/止盈(不设止盈,最长20日)          均值  0.888% t= 37.64 持有 10.6日 胜率 32.0%
  止损-3% + MACD死叉                     均值  0.798% t= 35.40 持有  9.1日 胜率 32.0%
  止损-3% + 跌破MA10                     均值  0.177% t= 10.78 持有  4.5日 胜率 31.6%
  止损-3% + 跌破MA5                      均值  0.050% t=  3.70 持有  3.1日 胜率 32.0%
  止损-3% + +6%卖50%后MA5                均值  0.338% t= 24.61 持有  7.6日 胜率 41.9%

[B5] 市场漂移基准：随机买入并持有 N 个交易日（零成本）
  随机持有  1日  均值  0.015% 胜率 47.1% n=119405
  随机持有  2日  均值  0.053% 胜率 47.6% n=119425
  随机持有  3日  均值  0.087% 胜率 47.8% n=119428
  随机持有  5日  均值  0.182% 胜率 48.3% n=119432
  随机持有 10日  均值  0.374% 胜率 48.3% n=119441
  随机持有 20日  均值  0.758% 胜率 47.8% n=119456

[B6] 净值曲线（计入全部成本+滑点）
  规则B(超跌+缩量A+不创新低+收涨)                总收益    15.0% 年化  1.31% 回撤  -38.6% Sharpe 0.16
  规则C(超跌+缩量A+不创新低+站上MA5)             总收益    24.1% 年化  2.03% 回撤  -33.8% Sharpe 0.21
  精简版(超跌+不创新低+收涨，无缩量)                总收益   -25.0% 年化 -2.63% 回撤  -49.8% Sharpe-0.10
  随机全市场(基准)                          总收益   -41.9% 年化 -4.91% 回撤  -63.5% Sharpe-0.26

[B7] 收益分布（候选 vs 随机）
  规则B(超跌+缩量A+不创新低+收涨): n=146610 ≥10%:1044 ≥20%:71 ≥30%:14 最大37.7%
  规则C(超跌+缩量A+不创新低+站上MA5): n=177096 ≥10%:1238 ≥20%:83 ≥30%:14 最大37.7%
  精简版(超跌+不创新低+收涨，无缩量): n=842989 ≥10%:7763 ≥20%:808 ≥30%:126 最大47.2%